[D:/RaiseTech/Practice/RaiseTech_copy/正解/RaiseTechコピー/raise-tech.net/wp-content/themes/raisetech2019/common/img/favicon.ico]
[D:/RaiseTech/Practice/RaiseTech_copy/正解/RaiseTechコピー/r.moshimo.com/af/r/maftag.js]
[D:/RaiseTech/Practice/RaiseTech_copy/正解/RaiseTechコピー/backblue.gif]
[D:/RaiseTech/Practice/RaiseTech_copy/正解/RaiseTechコピー/fade.gif]
[D:/RaiseTech/Practice/RaiseTech_copy/正解/RaiseTechコピー/index.html]
[D:/RaiseTech/Practice/RaiseTech_copy/正解/RaiseTechコピー/raise-tech.net/sample-page/feed]
[D:/RaiseTech/Practice/RaiseTech_copy/正解/RaiseTechコピー/ajax.googleapis.com/ajax/libs/jquery/3.5.1/jquery.min9d52.js]
[D:/RaiseTech/Practice/RaiseTech_copy/正解/RaiseTechコピー/raise-tech.net/wp-content/cache/autoptimize/js/autoptimize_single_41fe27408c0af5d1a8ccca572a18ecea48f5.js]
[D:/RaiseTech/Practice/RaiseTech_copy/正解/RaiseTechコピー/raise-tech.net/wp-json/index.html]
[D:/RaiseTech/Practice/RaiseTech_copy/正解/RaiseTechコピー/raise-tech.net/wp-json/oembed/1.0/embedc2d5.json]
[D:/RaiseTech/Practice/RaiseTech_copy/正解/RaiseTechコピー/raise-tech.net/wp-json/oembed/1.0/embed468f]
[D:/RaiseTech/Practice/RaiseTech_copy/正解/RaiseTechコピー/raise-tech.net/wp-content/cache/autoptimize/css/autoptimize_7242fcccc5c75cd34160219aa70a5b23.css]
[D:/RaiseTech/Practice/RaiseTech_copy/正解/RaiseTechコピー/connect.facebook.net/en_US/fbevents.js]
[D:/RaiseTech/Practice/RaiseTech_copy/正解/RaiseTechコピー/raise-tech.net/wp-content/themes/raisetech2019/common/img/header-logo.svg]
[D:/RaiseTech/Practice/RaiseTech_copy/正解/RaiseTechコピー/raise-tech.net/wp-content/uploads/2020/10/free-info-banner-02.jpg]
[D:/RaiseTech/Practice/RaiseTech_copy/正解/RaiseTechコピー/raise-tech.net/seminar/index.html]
[D:/RaiseTech/Practice/RaiseTech_copy/正解/RaiseTechコピー/raise-tech.net/wp-content/uploads/2020/11/lstep-bn-1.jpg]
[D:/RaiseTech/Practice/RaiseTech_copy/正解/RaiseTechコピー/raise-tech.net/wp-content/uploads/2020/12/design-cs-bn-03.jpg]
[D:/RaiseTech/Practice/RaiseTech_copy/正解/RaiseTechコピー/raise-tech.net/wp-content/uploads/2020/12/team-dvp-01-1.jpg]
[D:/RaiseTech/Practice/RaiseTech_copy/正解/RaiseTechコピー/raise-tech.net/wp-content/uploads/2019/07/new-student-banner.jpg]
[D:/RaiseTech/Practice/RaiseTech_copy/正解/RaiseTechコピー/raise-tech.net/wp-content/uploads/2019/05/new-banner_template-05.jpg]
[D:/RaiseTech/Practice/RaiseTech_copy/正解/RaiseTechコピー/raise-tech.net/wp-content/uploads/2020/07/top-1-1.svg]
[D:/RaiseTech/Practice/RaiseTech_copy/正解/RaiseTechコピー/raise-tech.net/wp-content/uploads/2020/07/top-2-1.svg]
[D:/RaiseTech/Practice/RaiseTech_copy/正解/RaiseTechコピー/raise-tech.net/wp-content/uploads/2020/07/top-3-1.svg]
[D:/RaiseTech/Practice/RaiseTech_copy/正解/RaiseTechコピー/raise-tech.net/wp-content/uploads/2020/07/java-768×768.png]
[D:/RaiseTech/Practice/RaiseTech_copy/正解/RaiseTechコピー/raise-tech.net/wp-content/uploads/2020/07/top-4-1.svg]
[D:/RaiseTech/Practice/RaiseTech_copy/正解/RaiseTechコピー/raise-tech.net/wp-content/uploads/2020/07/aws-768×768.png]
[D:/RaiseTech/Practice/RaiseTech_copy/正解/RaiseTechコピー/raise-tech.net/wp-content/uploads/2020/07/wordpress_01-768×768.png]
[D:/RaiseTech/Practice/RaiseTech_copy/正解/RaiseTechコピー/raise-tech.net/wp-content/uploads/2020/12/design-course-1.png]
[D:/RaiseTech/Practice/RaiseTech_copy/正解/RaiseTechコピー/raise-tech.net/wp-content/uploads/2020/09/enami.jpg]
[D:/RaiseTech/Practice/RaiseTech_copy/正解/RaiseTechコピー/raise-tech.net/wp-content/uploads/2020/09/ushijima.jpg]
[D:/RaiseTech/Practice/RaiseTech_copy/正解/RaiseTechコピー/raise-tech.net/wp-content/uploads/2020/10/nakanishi.jpg]
[D:/RaiseTech/Practice/RaiseTech_copy/正解/RaiseTechコピー/raise-tech.net/wp-content/uploads/2020/09/tobe.jpg]
[D:/RaiseTech/Practice/RaiseTech_copy/正解/RaiseTechコピー/raise-tech.net/wp-content/uploads/2020/10/park.jpg]
[D:/RaiseTech/Practice/RaiseTech_copy/正解/RaiseTechコピー/raise-tech.net/wp-content/uploads/2020/09/yat.jpg]
[D:/RaiseTech/Practice/RaiseTech_copy/正解/RaiseTechコピー/raise-tech.net/wp-content/uploads/2020/12/sumida.jpg]
[D:/RaiseTech/Practice/RaiseTech_copy/正解/RaiseTechコピー/raise-tech.net/wp-content/uploads/2020/07/b-ryukke.svg]
[D:/RaiseTech/Practice/RaiseTech_copy/正解/RaiseTechコピー/raise-tech.net/wp-content/uploads/2020/07/b-wakayamayuya.svg]
[D:/RaiseTech/Practice/RaiseTech_copy/正解/RaiseTechコピー/raise-tech.net/wp-content/uploads/2020/07/b-kitashooo.svg]
[D:/RaiseTech/Practice/RaiseTech_copy/正解/RaiseTechコピー/raise-tech.net/wp-content/uploads/2020/07/b-yuta-u.svg]
[D:/RaiseTech/Practice/RaiseTech_copy/正解/RaiseTechコピー/raise-tech.net/wp-content/uploads/2020/07/b-proof0309.svg]
[D:/RaiseTech/Practice/RaiseTech_copy/正解/RaiseTechコピー/raise-tech.net/wp-content/uploads/2020/07/b-miya.svg]
[D:/RaiseTech/Practice/RaiseTech_copy/正解/RaiseTechコピー/raise-tech.net/wp-content/uploads/2020/07/b-tech-log.svg]
[D:/RaiseTech/Practice/RaiseTech_copy/正解/RaiseTechコピー/raise-tech.net/wp-content/uploads/2020/07/b-magical-technology.svg]
[D:/RaiseTech/Practice/RaiseTech_copy/正解/RaiseTechコピー/raise-tech.net/wp-content/uploads/2020/12/IMG_2075-300x300.jpg]
[D:/RaiseTech/Practice/RaiseTech_copy/正解/RaiseTechコピー/raise-tech.net/wp-content/uploads/2020/11/iOS-の画像-300x300.jpg]
[D:/RaiseTech/Practice/RaiseTech_copy/正解/RaiseTechコピー/raise-tech.net/wp-content/uploads/2020/11/iOS-の画像-300x300.png]
[D:/RaiseTech/Practice/RaiseTech_copy/正解/RaiseTechコピー/raise-tech.net/wp-content/themes/raisetech2019/common/img/footer-logo.svg]
[D:/RaiseTech/Practice/RaiseTech_copy/正解/RaiseTechコピー/raise-tech.net/wp-content/themes/raisetech2019/common/img/tekkun.svg]
[D:/RaiseTech/Practice/RaiseTech_copy/正解/RaiseTechコピー/raise-tech.net/wp-content/plugins/a3-lazy-load/assets/js/jquery.lazyloadxt.srcset.min8066.js]
[D:/RaiseTech/Practice/RaiseTech_copy/正解/RaiseTechコピー/raise-tech.net/wp-content/cache/autoptimize/js/autoptimize_single_883c09983b7477149b33ebb8f111893b8066.js]
[D:/RaiseTech/Practice/RaiseTech_copy/正解/RaiseTechコピー/raise-tech.net/index.html]
[D:/RaiseTech/Practice/RaiseTech_copy/正解/RaiseTechコピー/raise-tech.net/wp-content/uploads/sass/a3_lazy_load.mina461.css]
[D:/RaiseTech/Practice/RaiseTech_copy/正解/RaiseTechコピー/raise-tech.net/wp-content/cache/autoptimize/js/autoptimize_single_2679804994c2adf8fa0126a0f1c4792d48f5.js]
[D:/RaiseTech/Practice/RaiseTech_copy/正解/RaiseTechコピー/raise-tech.net/wp-content/themes/raisetech2019/common/js/jquery.inview.min48f5.js]
[D:/RaiseTech/Practice/RaiseTech_copy/正解/RaiseTechコピー/raise-tech.net/wp-content/cache/autoptimize/css/autoptimize_7242fcccc5c75cd34160219aa70a5b23.css]
[D:/RaiseTech/Practice/RaiseTech_copy/正解/RaiseTechコピー/raise-tech.net/wp-content/plugins/webp-express/js/picturefill.min.js]
[D:/RaiseTech/Practice/RaiseTech_copy/正解/RaiseTechコピー/connect.facebook.net/en_US/fbevents.js]
[D:/RaiseTech/Practice/RaiseTech_copy/正解/RaiseTechコピー/raise-tech.net/ebis.ne.jp/index.html]
[D:/RaiseTech/Practice/RaiseTech_copy/正解/RaiseTechコピー/uh.nakanohito.jp/uhj2/uh.js]
[D:/RaiseTech/Practice/RaiseTech_copy/正解/RaiseTechコピー/raise-tech.net/wp-content/themes/raisetech2019/common/img/header-logo.svg]
[D:/RaiseTech/Practice/RaiseTech_copy/正解/RaiseTechコピー/raise-tech.net/wp-json/oembed/1.0/embed520c.json]
[D:/RaiseTech/Practice/RaiseTech_copy/正解/RaiseTechコピー/raise-tech.net/wp-json/oembed/1.0/embed05cd]
[D:/RaiseTech/Practice/RaiseTech_copy/正解/RaiseTechコピー/raise-tech.net/wp-content/cache/autoptimize/css/autoptimize_ce3eafa70fe49bdaa253871d8499b6bc.css]
[D:/RaiseTech/Practice/RaiseTech_copy/正解/RaiseTechコピー/raise-tech.net/wp-content/uploads/2019/03/comic-1.png]
[D:/RaiseTech/Practice/RaiseTech_copy/正解/RaiseTechコピー/raise-tech.net/wp-content/uploads/2019/03/comic-2.png]
[D:/RaiseTech/Practice/RaiseTech_copy/正解/RaiseTechコピー/raise-tech.net/wp-content/uploads/2019/03/comic-3.png]
[D:/RaiseTech/Practice/RaiseTech_copy/正解/RaiseTechコピー/raise-tech.net/wp-content/uploads/2019/03/comic-4.png]
[D:/RaiseTech/Practice/RaiseTech_copy/正解/RaiseTechコピー/raise-tech.net/wp-content/uploads/2019/03/comic-5.png]
[D:/RaiseTech/Practice/RaiseTech_copy/正解/RaiseTechコピー/raise-tech.net/wp-content/uploads/2019/03/comic-6.png]
[D:/RaiseTech/Practice/RaiseTech_copy/正解/RaiseTechコピー/raise-tech.net/wp-content/uploads/2019/03/comic-7.png]
[D:/RaiseTech/Practice/RaiseTech_copy/正解/RaiseTechコピー/raise-tech.net/wp-content/uploads/2019/03/comic-8.png]
[D:/RaiseTech/Practice/RaiseTech_copy/正解/RaiseTechコピー/raise-tech.net/wp-content/uploads/2019/03/excerpt-1.png]
[D:/RaiseTech/Practice/RaiseTech_copy/正解/RaiseTechコピー/raise-tech.net/wp-content/uploads/2019/03/excerpt-2.png]
[D:/RaiseTech/Practice/RaiseTech_copy/正解/RaiseTechコピー/raise-tech.net/wp-content/uploads/2019/03/excerpt-3.png]
[D:/RaiseTech/Practice/RaiseTech_copy/正解/RaiseTechコピー/raise-tech.net/wp-content/uploads/2019/03/excerpt-4.png]
[D:/RaiseTech/Practice/RaiseTech_copy/正解/RaiseTechコピー/raise-tech.net/about-raisetech.html]
[D:/RaiseTech/Practice/RaiseTech_copy/正解/RaiseTechコピー/raise-tech.net/wp-json/oembed/1.0/embed2c58.json]
[D:/RaiseTech/Practice/RaiseTech_copy/正解/RaiseTechコピー/raise-tech.net/wp-json/oembed/1.0/embed6577]
[D:/RaiseTech/Practice/RaiseTech_copy/正解/RaiseTechコピー/raise-tech.net/wp-content/uploads/2019/03/trial-300x300-1553241210.png]
[D:/RaiseTech/Practice/RaiseTech_copy/正解/RaiseTechコピー/raise-tech.net/wp-content/uploads/2019/03/flow-5-300x300-1553241358.png]
[D:/RaiseTech/Practice/RaiseTech_copy/正解/RaiseTechコピー/raise-tech.net/support-and-trial.html]
[D:/RaiseTech/Practice/RaiseTech_copy/正解/RaiseTechコピー/raise-tech.net/wp-content/uploads/2019/03/trial.png]
[D:/RaiseTech/Practice/RaiseTech_copy/正解/RaiseTechコピー/raise-tech.net/wp-json/oembed/1.0/embedbe37.json]
[D:/RaiseTech/Practice/RaiseTech_copy/正解/RaiseTechコピー/raise-tech.net/wp-json/oembed/1.0/embed9dad]
[D:/RaiseTech/Practice/RaiseTech_copy/正解/RaiseTechコピー/raise-tech.net/wp-content/uploads/2019/03/cut-job-finding-300x300-1553234916.png]
[D:/RaiseTech/Practice/RaiseTech_copy/正解/RaiseTechコピー/raise-tech.net/wp-content/uploads/2019/03/cut-job-finding2-300x300-1553234645.png]
[D:/RaiseTech/Practice/RaiseTech_copy/正解/RaiseTechコピー/raise-tech.net/wp-content/uploads/2019/03/cut-job-finding.png]
[D:/RaiseTech/Practice/RaiseTech_copy/正解/RaiseTechコピー/raise-tech.net/wp-content/uploads/2019/03/cut-job-finding2.png]
[D:/RaiseTech/Practice/RaiseTech_copy/正解/RaiseTechコピー/raise-tech.net/job-finding-support.html]
[D:/RaiseTech/Practice/RaiseTech_copy/正解/RaiseTechコピー/raise-tech.net/wp-json/oembed/1.0/embed0e92.json]
[D:/RaiseTech/Practice/RaiseTech_copy/正解/RaiseTechコピー/raise-tech.net/wp-json/oembed/1.0/embed5332]
[D:/RaiseTech/Practice/RaiseTech_copy/正解/RaiseTechコピー/raise-tech.net/wp-content/uploads/2019/03/flow-1.png]
[D:/RaiseTech/Practice/RaiseTech_copy/正解/RaiseTechコピー/raise-tech.net/wp-content/uploads/2019/03/flow-3.png]
[D:/RaiseTech/Practice/RaiseTech_copy/正解/RaiseTechコピー/raise-tech.net/wp-content/uploads/2019/03/flow-4.png]
[D:/RaiseTech/Practice/RaiseTech_copy/正解/RaiseTechコピー/raise-tech.net/wp-content/uploads/2019/03/flow-5.png]
[D:/RaiseTech/Practice/RaiseTech_copy/正解/RaiseTechコピー/raise-tech.net/wp-content/uploads/2019/03/flow-6.png]
[D:/RaiseTech/Practice/RaiseTech_copy/正解/RaiseTechコピー/raise-tech.net/user-flow.html]
[D:/RaiseTech/Practice/RaiseTech_copy/正解/RaiseTechコピー/raise-tech.net/wp-json/oembed/1.0/embed216c.json]
[D:/RaiseTech/Practice/RaiseTech_copy/正解/RaiseTechコピー/raise-tech.net/wp-json/oembed/1.0/embedad8d]
[D:/RaiseTech/Practice/RaiseTech_copy/正解/RaiseTechコピー/raise-tech.net/wp-content/uploads/2019/03/top-1-1-640x480.png]
[D:/RaiseTech/Practice/RaiseTech_copy/正解/RaiseTechコピー/raise-tech.net/wp-content/uploads/2019/03/top-2-1-640x480.png]
[D:/RaiseTech/Practice/RaiseTech_copy/正解/RaiseTechコピー/raise-tech.net/wp-content/uploads/2019/03/top-3-1-640x480.png]
[D:/RaiseTech/Practice/RaiseTech_copy/正解/RaiseTechコピー/raise-tech.net/wp-content/uploads/2019/03/user-flow.png]
[D:/RaiseTech/Practice/RaiseTech_copy/正解/RaiseTechコピー/raise-tech.net/courses/design-course.html]
[D:/RaiseTech/Practice/RaiseTech_copy/正解/RaiseTechコピー/raise-tech.net/wp-json/oembed/1.0/embedfa8f.json]
[D:/RaiseTech/Practice/RaiseTech_copy/正解/RaiseTechコピー/raise-tech.net/wp-json/oembed/1.0/embed66e0]
[D:/RaiseTech/Practice/RaiseTech_copy/正解/RaiseTechコピー/raise-tech.net/wp-content/uploads/2019/12/wordpress_191223.png]
[D:/RaiseTech/Practice/RaiseTech_copy/正解/RaiseTechコピー/raise-tech.net/courses/wordpress-sidejob-course.html]
[D:/RaiseTech/Practice/RaiseTech_copy/正解/RaiseTechコピー/raise-tech.net/wp-json/oembed/1.0/embedaa02.json]
[D:/RaiseTech/Practice/RaiseTech_copy/正解/RaiseTechコピー/raise-tech.net/wp-json/oembed/1.0/embed8be9]
[D:/RaiseTech/Practice/RaiseTech_copy/正解/RaiseTechコピー/raise-tech.net/wp-content/uploads/2019/03/aws.png]
[D:/RaiseTech/Practice/RaiseTech_copy/正解/RaiseTechコピー/raise-tech.net/courses/aws-full-course.html]
[D:/RaiseTech/Practice/RaiseTech_copy/正解/RaiseTechコピー/raise-tech.net/wp-json/oembed/1.0/embedace9.json]
[D:/RaiseTech/Practice/RaiseTech_copy/正解/RaiseTechコピー/raise-tech.net/wp-json/oembed/1.0/embedd11d]
[D:/RaiseTech/Practice/RaiseTech_copy/正解/RaiseTechコピー/raise-tech.net/courses/aws-automation-course.html]
[D:/RaiseTech/Practice/RaiseTech_copy/正解/RaiseTechコピー/raise-tech.net/wp-json/oembed/1.0/embed7492.json]
[D:/RaiseTech/Practice/RaiseTech_copy/正解/RaiseTechコピー/raise-tech.net/wp-json/oembed/1.0/embed54a2]
[D:/RaiseTech/Practice/RaiseTech_copy/正解/RaiseTechコピー/raise-tech.net/wp-content/uploads/2019/03/java.png]
[D:/RaiseTech/Practice/RaiseTech_copy/正解/RaiseTechコピー/raise-tech.net/courses/java-full-course.html]
[D:/RaiseTech/Practice/RaiseTech_copy/正解/RaiseTechコピー/raise-tech.net/wp-json/oembed/1.0/embed388a.json]
[D:/RaiseTech/Practice/RaiseTech_copy/正解/RaiseTechコピー/raise-tech.net/wp-json/oembed/1.0/embed006e]
[D:/RaiseTech/Practice/RaiseTech_copy/正解/RaiseTechコピー/raise-tech.net/courses/java-framework-course.html]
[D:/RaiseTech/Practice/RaiseTech_copy/正解/RaiseTechコピー/raise-tech.net/wp-content/uploads/2020/07/user-m.svg]
[D:/RaiseTech/Practice/RaiseTech_copy/正解/RaiseTechコピー/raise-tech.net/wp-content/uploads/2019/11/iOS-の画像-300x300.jpg]
[D:/RaiseTech/Practice/RaiseTech_copy/正解/RaiseTechコピー/raise-tech.net/wp-content/uploads/2019/11/リサイズ-300x300.jpg]
[D:/RaiseTech/Practice/RaiseTech_copy/正解/RaiseTechコピー/raise-tech.net/wp-content/uploads/2019/03/user-f.png]
[D:/RaiseTech/Practice/RaiseTech_copy/正解/RaiseTechコピー/raise-tech.net/wp-content/uploads/2019/03/m_okada-300x300.jpg]
[D:/RaiseTech/Practice/RaiseTech_copy/正解/RaiseTechコピー/raise-tech.net/graduates.html]
[D:/RaiseTech/Practice/RaiseTech_copy/正解/RaiseTechコピー/raise-tech.net/wp-json/oembed/1.0/embed45d5.json]
[D:/RaiseTech/Practice/RaiseTech_copy/正解/RaiseTechコピー/raise-tech.net/wp-json/oembed/1.0/embed6975]
[D:/RaiseTech/Practice/RaiseTech_copy/正解/RaiseTechコピー/raise-tech.net/wp-content/uploads/2019/03/qa-q-300x300.png]
[D:/RaiseTech/Practice/RaiseTech_copy/正解/RaiseTechコピー/raise-tech.net/wp-content/uploads/2019/03/qa-a-300x300.png]
[D:/RaiseTech/Practice/RaiseTech_copy/正解/RaiseTechコピー/raise-tech.net/faq.html]
[D:/RaiseTech/Practice/RaiseTech_copy/正解/RaiseTechコピー/raise-tech.net/wp-json/oembed/1.0/embed35b8.json]
[D:/RaiseTech/Practice/RaiseTech_copy/正解/RaiseTechコピー/raise-tech.net/wp-json/oembed/1.0/embedeefb]
[D:/RaiseTech/Practice/RaiseTech_copy/正解/RaiseTechコピー/raise-tech.net/wp-content/cache/autoptimize/css/autoptimize_531a0e22f49994248110acb81dc057bb.css]
[D:/RaiseTech/Practice/RaiseTech_copy/正解/RaiseTechコピー/raise-tech.net/wp-content/themes/raisetech2019/common/img/loading-tekkun.svg]
[D:/RaiseTech/Practice/RaiseTech_copy/正解/RaiseTechコピー/raise-tech.net/inquiry.html]
[D:/RaiseTech/Practice/RaiseTech_copy/正解/RaiseTechコピー/raise-tech.net/wp-content/cache/autoptimize/js/autoptimize_single_ec99bd9c4ccce58a22d4f8a5e2efbf0948f5.js]
[D:/RaiseTech/Practice/RaiseTech_copy/正解/RaiseTechコピー/raise-tech.net/wp-content/cache/autoptimize/js/autoptimize_single_11df712a6599412767e724645e8a5f1548f5.js]
[D:/RaiseTech/Practice/RaiseTech_copy/正解/RaiseTechコピー/raise-tech.net/wp-json/oembed/1.0/embedf11a.json]
[D:/RaiseTech/Practice/RaiseTech_copy/正解/RaiseTechコピー/raise-tech.net/wp-json/oembed/1.0/embed6052]
[D:/RaiseTech/Practice/RaiseTech_copy/正解/RaiseTechコピー/raise-tech.net/wp-content/cache/autoptimize/css/autoptimize_2c83c63b18d2dedaea3cc0533089e9f3.css]
[D:/RaiseTech/Practice/RaiseTech_copy/正解/RaiseTechコピー/raise-tech.net/wp-content/uploads/2019/03/application-flow.png]
[D:/RaiseTech/Practice/RaiseTech_copy/正解/RaiseTechコピー/raise-tech.net/application.html]
[D:/RaiseTech/Practice/RaiseTech_copy/正解/RaiseTechコピー/raise-tech.net/seminar/index.html]
[D:/RaiseTech/Practice/RaiseTech_copy/正解/RaiseTechコピー/raise-tech.net/1421/feed]
[D:/RaiseTech/Practice/RaiseTech_copy/正解/RaiseTechコピー/raise-tech.net/wp-json/oembed/1.0/embed0b80.json]
[D:/RaiseTech/Practice/RaiseTech_copy/正解/RaiseTechコピー/raise-tech.net/wp-json/oembed/1.0/embed0925]
[D:/RaiseTech/Practice/RaiseTech_copy/正解/RaiseTechコピー/raise-tech.net/wp-content/uploads/2020/11/tpick-lstep-1024x925.jpg]
[D:/RaiseTech/Practice/RaiseTech_copy/正解/RaiseTechコピー/raise-tech.net/line/linefriends.html]
[D:/RaiseTech/Practice/RaiseTech_copy/正解/RaiseTechコピー/scdn.line-apps.com/n/line_add_friends/btn/ja.png]
[D:/RaiseTech/Practice/RaiseTech_copy/正解/RaiseTechコピー/raise-tech.net/1421.html]
[D:/RaiseTech/Practice/RaiseTech_copy/正解/RaiseTechコピー/raise-tech.net/1530/feed]
[D:/RaiseTech/Practice/RaiseTech_copy/正解/RaiseTechコピー/raise-tech.net/wp-json/oembed/1.0/embede1c2.json]
[D:/RaiseTech/Practice/RaiseTech_copy/正解/RaiseTechコピー/raise-tech.net/wp-json/oembed/1.0/embed1ff1]
[D:/RaiseTech/Practice/RaiseTech_copy/正解/RaiseTechコピー/raise-tech.net/1530.html]
[D:/RaiseTech/Practice/RaiseTech_copy/正解/RaiseTechコピー/raise-tech.net/1504/feed]
[D:/RaiseTech/Practice/RaiseTech_copy/正解/RaiseTechコピー/raise-tech.net/wp-json/oembed/1.0/embed22d5.json]
[D:/RaiseTech/Practice/RaiseTech_copy/正解/RaiseTechコピー/raise-tech.net/wp-json/oembed/1.0/embedf35f]
[D:/RaiseTech/Practice/RaiseTech_copy/正解/RaiseTechコピー/raise-tech.net/wp-content/uploads/2020/12/tpick-team-bn-1-1024x925.jpg]
[D:/RaiseTech/Practice/RaiseTech_copy/正解/RaiseTechコピー/raise-tech.net/1504.html]
[D:/RaiseTech/Practice/RaiseTech_copy/正解/RaiseTechコピー/raise-tech.net/wp-content/uploads/2020/07/top-1-1.svg]
[D:/RaiseTech/Practice/RaiseTech_copy/正解/RaiseTechコピー/raise-tech.net/wp-content/uploads/2020/07/top-2-1.svg]
[D:/RaiseTech/Practice/RaiseTech_copy/正解/RaiseTechコピー/raise-tech.net/wp-content/uploads/2020/07/top-3-1.svg]
[D:/RaiseTech/Practice/RaiseTech_copy/正解/RaiseTechコピー/raise-tech.net/wp-content/uploads/2020/07/top-4-1.svg]
[D:/RaiseTech/Practice/RaiseTech_copy/正解/RaiseTechコピー/raise-tech.net/wp-content/uploads/2020/07/b-ryukke.svg]
[D:/RaiseTech/Practice/RaiseTech_copy/正解/RaiseTechコピー/raise-tech.net/wp-content/uploads/2020/07/b-wakayamayuya.svg]
[D:/RaiseTech/Practice/RaiseTech_copy/正解/RaiseTechコピー/raise-tech.net/wp-content/uploads/2020/07/b-kitashooo.svg]
[D:/RaiseTech/Practice/RaiseTech_copy/正解/RaiseTechコピー/raise-tech.net/wp-content/uploads/2020/07/b-yuta-u.svg]
[D:/RaiseTech/Practice/RaiseTech_copy/正解/RaiseTechコピー/raise-tech.net/wp-content/uploads/2020/07/b-proof0309.svg]
[D:/RaiseTech/Practice/RaiseTech_copy/正解/RaiseTechコピー/raise-tech.net/wp-content/uploads/2020/07/b-miya.svg]
[D:/RaiseTech/Practice/RaiseTech_copy/正解/RaiseTechコピー/raise-tech.net/wp-content/uploads/2020/07/b-tech-log.svg]
[D:/RaiseTech/Practice/RaiseTech_copy/正解/RaiseTechコピー/raise-tech.net/wp-content/uploads/2020/07/b-magical-technology.svg]
[D:/RaiseTech/Practice/RaiseTech_copy/正解/RaiseTechコピー/raise-tech.net/teams-course/index.html]
[D:/RaiseTech/Practice/RaiseTech_copy/正解/RaiseTechコピー/raise-tech.net/wp-json/oembed/1.0/embeddd17.json]
[D:/RaiseTech/Practice/RaiseTech_copy/正解/RaiseTechコピー/raise-tech.net/wp-json/oembed/1.0/embedacf7]
[D:/RaiseTech/Practice/RaiseTech_copy/正解/RaiseTechコピー/raise-tech.net/graduates/1514.html]
[D:/RaiseTech/Practice/RaiseTech_copy/正解/RaiseTechコピー/raise-tech.net/wp-content/plugins/native-lazyload/assets/images/placeholder.svg]
[D:/RaiseTech/Practice/RaiseTech_copy/正解/RaiseTechコピー/raise-tech.net/wp-json/oembed/1.0/embedea89.json]
[D:/RaiseTech/Practice/RaiseTech_copy/正解/RaiseTechコピー/raise-tech.net/wp-json/oembed/1.0/embedd330]
[D:/RaiseTech/Practice/RaiseTech_copy/正解/RaiseTechコピー/raise-tech.net/graduates/1482.html]
[D:/RaiseTech/Practice/RaiseTech_copy/正解/RaiseTechコピー/raise-tech.net/wp-json/oembed/1.0/embede7b5.json]
[D:/RaiseTech/Practice/RaiseTech_copy/正解/RaiseTechコピー/raise-tech.net/wp-json/oembed/1.0/embed7ef7]
[D:/RaiseTech/Practice/RaiseTech_copy/正解/RaiseTechコピー/raise-tech.net/graduates/1478.html]
[D:/RaiseTech/Practice/RaiseTech_copy/正解/RaiseTechコピー/raise-tech.net/wp-json/oembed/1.0/embed30ad.json]
[D:/RaiseTech/Practice/RaiseTech_copy/正解/RaiseTechコピー/raise-tech.net/wp-json/oembed/1.0/embed9235]
[D:/RaiseTech/Practice/RaiseTech_copy/正解/RaiseTechコピー/raise-tech.net/graduates/1474.html]
[D:/RaiseTech/Practice/RaiseTech_copy/正解/RaiseTechコピー/raise-tech.net/wp-content/themes/raisetech2019/common/img/footer-logo.svg]
[D:/RaiseTech/Practice/RaiseTech_copy/正解/RaiseTechコピー/raise-tech.net/wp-json/oembed/1.0/embed0f0a.json]
[D:/RaiseTech/Practice/RaiseTech_copy/正解/RaiseTechコピー/raise-tech.net/wp-json/oembed/1.0/embed9040]
[D:/RaiseTech/Practice/RaiseTech_copy/正解/RaiseTechコピー/raise-tech.net/legal-information.html]
[D:/RaiseTech/Practice/RaiseTech_copy/正解/RaiseTechコピー/raise-tech.net/wp-json/oembed/1.0/embed823c.json]
[D:/RaiseTech/Practice/RaiseTech_copy/正解/RaiseTechコピー/raise-tech.net/wp-json/oembed/1.0/embed5334]
[D:/RaiseTech/Practice/RaiseTech_copy/正解/RaiseTechコピー/raise-tech.net/privacy-policy.html]
[D:/RaiseTech/Practice/RaiseTech_copy/正解/RaiseTechコピー/raise-tech.net/wp-json/oembed/1.0/embedbadc.json]
[D:/RaiseTech/Practice/RaiseTech_copy/正解/RaiseTechコピー/raise-tech.net/wp-json/oembed/1.0/embedc444]
[D:/RaiseTech/Practice/RaiseTech_copy/正解/RaiseTechコピー/raise-tech.net/terms-of-service.html]
[D:/RaiseTech/Practice/RaiseTech_copy/正解/RaiseTechコピー/raise-tech.net/wp-content/themes/raisetech2019/common/img/tekkun.svg]
[D:/RaiseTech/Practice/RaiseTech_copy/正解/RaiseTechコピー/raise-tech.net/wp-content/plugins/native-lazyload/assets/js/lazyload.js]
[D:/RaiseTech/Practice/RaiseTech_copy/正解/RaiseTechコピー/raise-tech.net/wp-content/plugins/a3-lazy-load/assets/js/jquery.lazyloadxt.extra.min8066.js]
[D:/RaiseTech/Practice/RaiseTech_copy/正解/RaiseTechコピー/raise-tech.net/wp-includes/js/wp-embed.min48f5.js]
[D:/RaiseTech/Practice/RaiseTech_copy/正解/RaiseTechコピー/raise-tech.net/indexc471.html]
[D:/RaiseTech/Practice/RaiseTech_copy/正解/RaiseTechコピー/platform.twitter.com/widgets.js]
[D:/RaiseTech/Practice/RaiseTech_copy/正解/RaiseTechコピー/cdn.jsdelivr.net/npm/slick-carousel@1.8.1/slick/slick.minc245.js]
[D:/RaiseTech/Practice/RaiseTech_copy/正解/RaiseTechコピー/raise-tech.net/wp-content/themes/raisetech2019/slick/ajax-loader.gif]
[D:/RaiseTech/Practice/RaiseTech_copy/正解/RaiseTechコピー/raise-tech.net/wp-content/themes/raisetech2019/common/img/bg-title.jpg]
[D:/RaiseTech/Practice/RaiseTech_copy/正解/RaiseTechコピー/raise-tech.net/wp-content/plugins/a3-lazy-load/assets/css/loading.gif]
[D:/RaiseTech/Practice/RaiseTech_copy/正解/RaiseTechコピー/raise-tech.net/wp-content/cache/autoptimize/css/autoptimize_ce3eafa70fe49bdaa253871d8499b6bc.css]
[D:/RaiseTech/Practice/RaiseTech_copy/正解/RaiseTechコピー/raise-tech.net/indexc4f7.html]
[D:/RaiseTech/Practice/RaiseTech_copy/正解/RaiseTechコピー/raise-tech.net/indexb5fb.html]
[D:/RaiseTech/Practice/RaiseTech_copy/正解/RaiseTechコピー/raise-tech.net/index5757.html]
[D:/RaiseTech/Practice/RaiseTech_copy/正解/RaiseTechコピー/raise-tech.net/index6cf2.html]
[D:/RaiseTech/Practice/RaiseTech_copy/正解/RaiseTechコピー/raise-tech.net/courses/ebis.ne.jp/index.html]
[D:/RaiseTech/Practice/RaiseTech_copy/正解/RaiseTechコピー/raise-tech.net/index3f85.html]
[D:/RaiseTech/Practice/RaiseTech_copy/正解/RaiseTechコピー/raise-tech.net/indexb998.html]
[D:/RaiseTech/Practice/RaiseTech_copy/正解/RaiseTechコピー/raise-tech.net/index044f.html]
[D:/RaiseTech/Practice/RaiseTech_copy/正解/RaiseTechコピー/raise-tech.net/indexba52.html]
[D:/RaiseTech/Practice/RaiseTech_copy/正解/RaiseTechコピー/raise-tech.net/index0d79.html]
[D:/RaiseTech/Practice/RaiseTech_copy/正解/RaiseTechコピー/raise-tech.net/graduates/feed]
[D:/RaiseTech/Practice/RaiseTech_copy/正解/RaiseTechコピー/raise-tech.net/graduates/feed/index.html]
[D:/RaiseTech/Practice/RaiseTech_copy/正解/RaiseTechコピー/raise-tech.net/wp-json/oembed/1.0/embed9b88.json]
[D:/RaiseTech/Practice/RaiseTech_copy/正解/RaiseTechコピー/raise-tech.net/wp-json/oembed/1.0/embed49f5]
[D:/RaiseTech/Practice/RaiseTech_copy/正解/RaiseTechコピー/raise-tech.net/graduates/1470.html]
[D:/RaiseTech/Practice/RaiseTech_copy/正解/RaiseTechコピー/raise-tech.net/wp-json/oembed/1.0/embed66bc.json]
[D:/RaiseTech/Practice/RaiseTech_copy/正解/RaiseTechコピー/raise-tech.net/wp-json/oembed/1.0/embedd295]
[D:/RaiseTech/Practice/RaiseTech_copy/正解/RaiseTechコピー/raise-tech.net/graduates/1090.html]
[D:/RaiseTech/Practice/RaiseTech_copy/正解/RaiseTechコピー/raise-tech.net/wp-json/oembed/1.0/embedfd84.json]
[D:/RaiseTech/Practice/RaiseTech_copy/正解/RaiseTechコピー/raise-tech.net/wp-json/oembed/1.0/embed1564]
[D:/RaiseTech/Practice/RaiseTech_copy/正解/RaiseTechコピー/raise-tech.net/wp-content/uploads/2019/03/user-m.png]
[D:/RaiseTech/Practice/RaiseTech_copy/正解/RaiseTechコピー/raise-tech.net/graduates/1078.html]
[D:/RaiseTech/Practice/RaiseTech_copy/正解/RaiseTechコピー/raise-tech.net/wp-content/uploads/2020/07/user-m.svg]
[D:/RaiseTech/Practice/RaiseTech_copy/正解/RaiseTechコピー/raise-tech.net/wp-json/oembed/1.0/embed0b47.json]
[D:/RaiseTech/Practice/RaiseTech_copy/正解/RaiseTechコピー/raise-tech.net/wp-json/oembed/1.0/embedaf36]
[D:/RaiseTech/Practice/RaiseTech_copy/正解/RaiseTechコピー/raise-tech.net/graduates/1069.html]
[D:/RaiseTech/Practice/RaiseTech_copy/正解/RaiseTechコピー/raise-tech.net/wp-json/oembed/1.0/embed4714.json]
[D:/RaiseTech/Practice/RaiseTech_copy/正解/RaiseTechコピー/raise-tech.net/wp-json/oembed/1.0/embedd74b]
[D:/RaiseTech/Practice/RaiseTech_copy/正解/RaiseTechコピー/raise-tech.net/graduates/1064.html]
[D:/RaiseTech/Practice/RaiseTech_copy/正解/RaiseTechコピー/raise-tech.net/wp-json/oembed/1.0/embed4080.json]
[D:/RaiseTech/Practice/RaiseTech_copy/正解/RaiseTechコピー/raise-tech.net/wp-json/oembed/1.0/embed324e]
[D:/RaiseTech/Practice/RaiseTech_copy/正解/RaiseTechコピー/raise-tech.net/graduates/1054.html]
[D:/RaiseTech/Practice/RaiseTech_copy/正解/RaiseTechコピー/raise-tech.net/wp-json/oembed/1.0/embed7a5f.json]
[D:/RaiseTech/Practice/RaiseTech_copy/正解/RaiseTechコピー/raise-tech.net/wp-json/oembed/1.0/embed153c]
[D:/RaiseTech/Practice/RaiseTech_copy/正解/RaiseTechコピー/raise-tech.net/graduates/1043.html]
[D:/RaiseTech/Practice/RaiseTech_copy/正解/RaiseTechコピー/raise-tech.net/wp-json/oembed/1.0/embeda708.json]
[D:/RaiseTech/Practice/RaiseTech_copy/正解/RaiseTechコピー/raise-tech.net/wp-json/oembed/1.0/embed61a9]
[D:/RaiseTech/Practice/RaiseTech_copy/正解/RaiseTechコピー/raise-tech.net/graduates/650.html]
[D:/RaiseTech/Practice/RaiseTech_copy/正解/RaiseTechコピー/raise-tech.net/graduates/page/2.html]
[D:/RaiseTech/Practice/RaiseTech_copy/正解/RaiseTechコピー/raise-tech.net/index2dc4.html]
[D:/RaiseTech/Practice/RaiseTech_copy/正解/RaiseTechコピー/raise-tech.net/indexa1ca.html]
[D:/RaiseTech/Practice/RaiseTech_copy/正解/RaiseTechコピー/raise-tech.net/wp-content/cache/autoptimize/css/autoptimize_531a0e22f49994248110acb81dc057bb.css]
[D:/RaiseTech/Practice/RaiseTech_copy/正解/RaiseTechコピー/raise-tech.net/wp-content/themes/raisetech2019/common/img/loading-tekkun.svg]
[D:/RaiseTech/Practice/RaiseTech_copy/正解/RaiseTechコピー/raise-tech.net/indexd8eb.html]
[D:/RaiseTech/Practice/RaiseTech_copy/正解/RaiseTechコピー/raise-tech.net/wp-content/cache/autoptimize/css/autoptimize_2c83c63b18d2dedaea3cc0533089e9f3.css]
[D:/RaiseTech/Practice/RaiseTech_copy/正解/RaiseTechコピー/raise-tech.net/1427/feed]
[D:/RaiseTech/Practice/RaiseTech_copy/正解/RaiseTechコピー/raise-tech.net/wp-json/oembed/1.0/embed37de.json]
[D:/RaiseTech/Practice/RaiseTech_copy/正解/RaiseTechコピー/raise-tech.net/wp-json/oembed/1.0/embedc366]
[D:/RaiseTech/Practice/RaiseTech_copy/正解/RaiseTechコピー/raise-tech.net/1427.html]
[D:/RaiseTech/Practice/RaiseTech_copy/正解/RaiseTechコピー/raise-tech.net/wp-content/uploads/2020/10/tpick-tv600-bn.jpg]
[D:/RaiseTech/Practice/RaiseTech_copy/正解/RaiseTechコピー/raise-tech.net/index8303.html]
[D:/RaiseTech/Practice/RaiseTech_copy/正解/RaiseTechコピー/raise-tech.net/line/linefriends.html]
[D:/RaiseTech/Practice/RaiseTech_copy/正解/RaiseTechコピー/raise-tech.net/wp-content/uploads/2020/12/design-cs-bn-03-300x300.jpg]
[D:/RaiseTech/Practice/RaiseTech_copy/正解/RaiseTechコピー/raise-tech.net/wp-content/uploads/2020/12/team-dvp-01-1-300x300.jpg]
[D:/RaiseTech/Practice/RaiseTech_copy/正解/RaiseTechコピー/raise-tech.net/wp-content/uploads/2020/11/lstep-bn-1-300x300.jpg]
[D:/RaiseTech/Practice/RaiseTech_copy/正解/RaiseTechコピー/raise-tech.net/wp-content/uploads/2020/10/top-tv-600-bn-300x300.jpg]
[D:/RaiseTech/Practice/RaiseTech_copy/正解/RaiseTechコピー/raise-tech.net/wp-content/uploads/2020/10/03-price-bn-300x300.jpg]
[D:/RaiseTech/Practice/RaiseTech_copy/正解/RaiseTechコピー/raise-tech.net/wp-content/uploads/2020/06/banner_200615a-300x300.png]
[D:/RaiseTech/Practice/RaiseTech_copy/正解/RaiseTechコピー/raise-tech.net/wp-content/uploads/2020/04/banner0410b-300x300.png]
[D:/RaiseTech/Practice/RaiseTech_copy/正解/RaiseTechコピー/raise-tech.net/wp-content/uploads/2020/03/banner-300x300.png]
[D:/RaiseTech/Practice/RaiseTech_copy/正解/RaiseTechコピー/raise-tech.net/wp-content/uploads/2019/12/banner-12123c-300x300.png]
[D:/RaiseTech/Practice/RaiseTech_copy/正解/RaiseTechコピー/raise-tech.net/wp-content/uploads/2019/12/banner-1202b-300x300.png]
[D:/RaiseTech/Practice/RaiseTech_copy/正解/RaiseTechコピー/raise-tech.net/topics.html]
[D:/RaiseTech/Practice/RaiseTech_copy/正解/RaiseTechコピー/raise-tech.net/index60da.html]
[D:/RaiseTech/Practice/RaiseTech_copy/正解/RaiseTechコピー/raise-tech.net/index7dd5.html]
[D:/RaiseTech/Practice/RaiseTech_copy/正解/RaiseTechコピー/raise-tech.net/teams-course/index.html]
[D:/RaiseTech/Practice/RaiseTech_copy/正解/RaiseTechコピー/raise-tech.net/indexbd8b.html]
[D:/RaiseTech/Practice/RaiseTech_copy/正解/RaiseTechコピー/raise-tech.net/graduates/ebis.ne.jp/index.html]
[D:/RaiseTech/Practice/RaiseTech_copy/正解/RaiseTechコピー/raise-tech.net/indexbac1.html]
[D:/RaiseTech/Practice/RaiseTech_copy/正解/RaiseTechコピー/raise-tech.net/indexe056.html]
[D:/RaiseTech/Practice/RaiseTech_copy/正解/RaiseTechコピー/raise-tech.net/index203c.html]
[D:/RaiseTech/Practice/RaiseTech_copy/正解/RaiseTechコピー/raise-tech.net/index5831.html]
[D:/RaiseTech/Practice/RaiseTech_copy/正解/RaiseTechコピー/raise-tech.net/index0345.html]
[D:/RaiseTech/Practice/RaiseTech_copy/正解/RaiseTechコピー/raise-tech.net/index2cf9.html]
[D:/RaiseTech/Practice/RaiseTech_copy/正解/RaiseTechコピー/raise-tech.net/wp-content/themes/raisetech2019/common/webfonts/fa-brands-400.eot]
[D:/RaiseTech/Practice/RaiseTech_copy/正解/RaiseTechコピー/raise-tech.net/graduates/feed]
[D:/RaiseTech/Practice/RaiseTech_copy/正解/RaiseTechコピー/raise-tech.net/index5880.html]
[D:/RaiseTech/Practice/RaiseTech_copy/正解/RaiseTechコピー/raise-tech.net/indexb357.html]
[D:/RaiseTech/Practice/RaiseTech_copy/正解/RaiseTechコピー/raise-tech.net/index98bd.html]
[D:/RaiseTech/Practice/RaiseTech_copy/正解/RaiseTechコピー/raise-tech.net/index9fb4.html]
[D:/RaiseTech/Practice/RaiseTech_copy/正解/RaiseTechコピー/raise-tech.net/index5ce3.html]
[D:/RaiseTech/Practice/RaiseTech_copy/正解/RaiseTechコピー/raise-tech.net/indexd030.html]
[D:/RaiseTech/Practice/RaiseTech_copy/正解/RaiseTechコピー/raise-tech.net/index080f.html]
[D:/RaiseTech/Practice/RaiseTech_copy/正解/RaiseTechコピー/raise-tech.net/wp-json/oembed/1.0/embed3784.json]
[D:/RaiseTech/Practice/RaiseTech_copy/正解/RaiseTechコピー/raise-tech.net/wp-json/oembed/1.0/embed436d]
[D:/RaiseTech/Practice/RaiseTech_copy/正解/RaiseTechコピー/raise-tech.net/graduates/634.html]
[D:/RaiseTech/Practice/RaiseTech_copy/正解/RaiseTechコピー/raise-tech.net/indexf034.html]
[D:/RaiseTech/Practice/RaiseTech_copy/正解/RaiseTechコピー/raise-tech.net/graduates/page/ebis.ne.jp/index.html]
[D:/RaiseTech/Practice/RaiseTech_copy/正解/RaiseTechコピー/raise-tech.net/wp-json/oembed/1.0/embed2359.json]
[D:/RaiseTech/Practice/RaiseTech_copy/正解/RaiseTechコピー/raise-tech.net/wp-json/oembed/1.0/embed5594]
[D:/RaiseTech/Practice/RaiseTech_copy/正解/RaiseTechコピー/raise-tech.net/graduates/564.html]
[D:/RaiseTech/Practice/RaiseTech_copy/正解/RaiseTechコピー/raise-tech.net/wp-json/oembed/1.0/embed5bc5.json]
[D:/RaiseTech/Practice/RaiseTech_copy/正解/RaiseTechコピー/raise-tech.net/wp-json/oembed/1.0/embedf8b4]
[D:/RaiseTech/Practice/RaiseTech_copy/正解/RaiseTechコピー/raise-tech.net/graduates/557.html]
[D:/RaiseTech/Practice/RaiseTech_copy/正解/RaiseTechコピー/raise-tech.net/wp-json/oembed/1.0/embed271f.json]
[D:/RaiseTech/Practice/RaiseTech_copy/正解/RaiseTechコピー/raise-tech.net/wp-json/oembed/1.0/embed7fc2]
[D:/RaiseTech/Practice/RaiseTech_copy/正解/RaiseTechコピー/raise-tech.net/graduates/388.html]
[D:/RaiseTech/Practice/RaiseTech_copy/正解/RaiseTechコピー/raise-tech.net/wp-json/oembed/1.0/embedb005.json]
[D:/RaiseTech/Practice/RaiseTech_copy/正解/RaiseTechコピー/raise-tech.net/wp-json/oembed/1.0/embed268b]
[D:/RaiseTech/Practice/RaiseTech_copy/正解/RaiseTechコピー/raise-tech.net/graduates/67.html]
[D:/RaiseTech/Practice/RaiseTech_copy/正解/RaiseTechコピー/raise-tech.net/graduates/index.html]
[D:/RaiseTech/Practice/RaiseTech_copy/正解/RaiseTechコピー/raise-tech.net/1423/feed]
[D:/RaiseTech/Practice/RaiseTech_copy/正解/RaiseTechコピー/raise-tech.net/wp-json/oembed/1.0/embeda333.json]
[D:/RaiseTech/Practice/RaiseTech_copy/正解/RaiseTechコピー/raise-tech.net/wp-json/oembed/1.0/embedeab6]
[D:/RaiseTech/Practice/RaiseTech_copy/正解/RaiseTechコピー/raise-tech.net/1423.html]
[D:/RaiseTech/Practice/RaiseTech_copy/正解/RaiseTechコピー/raise-tech.net/wp-content/uploads/2020/10/tpick-price.jpg]
[D:/RaiseTech/Practice/RaiseTech_copy/正解/RaiseTechコピー/raise-tech.net/index157d.html]
[D:/RaiseTech/Practice/RaiseTech_copy/正解/RaiseTechコピー/raise-tech.net/1276/feed]
[D:/RaiseTech/Practice/RaiseTech_copy/正解/RaiseTechコピー/raise-tech.net/wp-json/oembed/1.0/embed4610.json]
[D:/RaiseTech/Practice/RaiseTech_copy/正解/RaiseTechコピー/raise-tech.net/wp-json/oembed/1.0/embed5198]
[D:/RaiseTech/Practice/RaiseTech_copy/正解/RaiseTechコピー/raise-tech.net/wp-content/uploads/2020/06/campaign_200615a.png]
[D:/RaiseTech/Practice/RaiseTech_copy/正解/RaiseTechコピー/raise-tech.net/1276.html]
[D:/RaiseTech/Practice/RaiseTech_copy/正解/RaiseTechコピー/raise-tech.net/1245/feed]
[D:/RaiseTech/Practice/RaiseTech_copy/正解/RaiseTechコピー/raise-tech.net/wp-json/oembed/1.0/embed2dd2.json]
[D:/RaiseTech/Practice/RaiseTech_copy/正解/RaiseTechコピー/raise-tech.net/wp-json/oembed/1.0/embed3d0f]
[D:/RaiseTech/Practice/RaiseTech_copy/正解/RaiseTechコピー/raise-tech.net/1245.html]
[D:/RaiseTech/Practice/RaiseTech_copy/正解/RaiseTechコピー/raise-tech.net/wp-content/uploads/2020/04/campaign0410a.png]
[D:/RaiseTech/Practice/RaiseTech_copy/正解/RaiseTechコピー/raise-tech.net/1228/feed]
[D:/RaiseTech/Practice/RaiseTech_copy/正解/RaiseTechコピー/raise-tech.net/wp-json/oembed/1.0/embed5690.json]
[D:/RaiseTech/Practice/RaiseTech_copy/正解/RaiseTechコピー/raise-tech.net/wp-json/oembed/1.0/embedd1cf]
[D:/RaiseTech/Practice/RaiseTech_copy/正解/RaiseTechコピー/raise-tech.net/1228.html]
[D:/RaiseTech/Practice/RaiseTech_copy/正解/RaiseTechコピー/raise-tech.net/wp-content/uploads/2020/03/campaign.png]
[D:/RaiseTech/Practice/RaiseTech_copy/正解/RaiseTechコピー/raise-tech.net/1172/feed]
[D:/RaiseTech/Practice/RaiseTech_copy/正解/RaiseTechコピー/raise-tech.net/wp-json/oembed/1.0/embed06ed.json]
[D:/RaiseTech/Practice/RaiseTech_copy/正解/RaiseTechコピー/raise-tech.net/wp-json/oembed/1.0/embeda983]
[D:/RaiseTech/Practice/RaiseTech_copy/正解/RaiseTechコピー/raise-tech.net/wp-content/uploads/2019/12/campaign.png]
[D:/RaiseTech/Practice/RaiseTech_copy/正解/RaiseTechコピー/raise-tech.net/1172.html]
[D:/RaiseTech/Practice/RaiseTech_copy/正解/RaiseTechコピー/raise-tech.net/1138/feed]
[D:/RaiseTech/Practice/RaiseTech_copy/正解/RaiseTechコピー/raise-tech.net/wp-json/oembed/1.0/embed56e8.json]
[D:/RaiseTech/Practice/RaiseTech_copy/正解/RaiseTechコピー/raise-tech.net/wp-json/oembed/1.0/embed9171]
[D:/RaiseTech/Practice/RaiseTech_copy/正解/RaiseTechコピー/raise-tech.net/1138.html]
[D:/RaiseTech/Practice/RaiseTech_copy/正解/RaiseTechコピー/raise-tech.net/wp-content/uploads/2019/12/campaign__12.png]
[D:/RaiseTech/Practice/RaiseTech_copy/正解/RaiseTechコピー/raise-tech.net/wp-content/uploads/2019/11/banner-1114c-300x300.png]
[D:/RaiseTech/Practice/RaiseTech_copy/正解/RaiseTechコピー/raise-tech.net/wp-content/themes/raisetech2019/common/img/thumb-empty.png]
[D:/RaiseTech/Practice/RaiseTech_copy/正解/RaiseTechコピー/raise-tech.net/wp-content/uploads/2019/09/banner-blue-300x300.jpg]
[D:/RaiseTech/Practice/RaiseTech_copy/正解/RaiseTechコピー/raise-tech.net/wp-content/uploads/2019/07/new-student-banner-300x300.jpg]
[D:/RaiseTech/Practice/RaiseTech_copy/正解/RaiseTechコピー/raise-tech.net/topics/page/2.html]
[D:/RaiseTech/Practice/RaiseTech_copy/正解/RaiseTechコピー/raise-tech.net/wp-content/uploads/2019/07/banner0714b-300x300.png]
[D:/RaiseTech/Practice/RaiseTech_copy/正解/RaiseTechコピー/raise-tech.net/index5cd0.html]
[D:/RaiseTech/Practice/RaiseTech_copy/正解/RaiseTechコピー/raise-tech.net/index04f2.html]
[D:/RaiseTech/Practice/RaiseTech_copy/正解/RaiseTechコピー/raise-tech.net/indexc9d1.html]
[D:/RaiseTech/Practice/RaiseTech_copy/正解/RaiseTechコピー/raise-tech.net/index42a9.html]
[D:/RaiseTech/Practice/RaiseTech_copy/正解/RaiseTechコピー/raise-tech.net/index96f1.html]
[D:/RaiseTech/Practice/RaiseTech_copy/正解/RaiseTechコピー/raise-tech.net/indexed0f.html]
[D:/RaiseTech/Practice/RaiseTech_copy/正解/RaiseTechコピー/raise-tech.net/index6c09.html]
[D:/RaiseTech/Practice/RaiseTech_copy/正解/RaiseTechコピー/raise-tech.net/index150c.html]
[D:/RaiseTech/Practice/RaiseTech_copy/正解/RaiseTechコピー/raise-tech.net/index5e1c.html]
[D:/RaiseTech/Practice/RaiseTech_copy/正解/RaiseTechコピー/raise-tech.net/index74ef.html]
[D:/RaiseTech/Practice/RaiseTech_copy/正解/RaiseTechコピー/raise-tech.net/1082/feed]
[D:/RaiseTech/Practice/RaiseTech_copy/正解/RaiseTechコピー/raise-tech.net/wp-json/oembed/1.0/embedb211.json]
[D:/RaiseTech/Practice/RaiseTech_copy/正解/RaiseTechコピー/raise-tech.net/wp-json/oembed/1.0/embeda373]
[D:/RaiseTech/Practice/RaiseTech_copy/正解/RaiseTechコピー/raise-tech.net/1082.html]
[D:/RaiseTech/Practice/RaiseTech_copy/正解/RaiseTechコピー/raise-tech.net/indexd909.html]
[D:/RaiseTech/Practice/RaiseTech_copy/正解/RaiseTechコピー/raise-tech.net/topics/page/ebis.ne.jp/index.html]
[D:/RaiseTech/Practice/RaiseTech_copy/正解/RaiseTechコピー/raise-tech.net/1016/feed]
[D:/RaiseTech/Practice/RaiseTech_copy/正解/RaiseTechコピー/raise-tech.net/wp-json/oembed/1.0/embed91d7.json]
[D:/RaiseTech/Practice/RaiseTech_copy/正解/RaiseTechコピー/raise-tech.net/wp-json/oembed/1.0/embedaee4]
[D:/RaiseTech/Practice/RaiseTech_copy/正解/RaiseTechコピー/raise-tech.net/1016.html]
[D:/RaiseTech/Practice/RaiseTech_copy/正解/RaiseTechコピー/raise-tech.net/1009/feed]
[D:/RaiseTech/Practice/RaiseTech_copy/正解/RaiseTechコピー/raise-tech.net/wp-json/oembed/1.0/embedb937.json]
[D:/RaiseTech/Practice/RaiseTech_copy/正解/RaiseTechコピー/raise-tech.net/wp-json/oembed/1.0/embedcc9f]
[D:/RaiseTech/Practice/RaiseTech_copy/正解/RaiseTechコピー/raise-tech.net/1009.html]
[D:/RaiseTech/Practice/RaiseTech_copy/正解/RaiseTechコピー/raise-tech.net/909/feed]
[D:/RaiseTech/Practice/RaiseTech_copy/正解/RaiseTechコピー/raise-tech.net/wp-json/oembed/1.0/embedfd5b.json]
[D:/RaiseTech/Practice/RaiseTech_copy/正解/RaiseTechコピー/raise-tech.net/wp-json/oembed/1.0/embed86ab]
[D:/RaiseTech/Practice/RaiseTech_copy/正解/RaiseTechコピー/raise-tech.net/909.html]
[D:/RaiseTech/Practice/RaiseTech_copy/正解/RaiseTechコピー/raise-tech.net/914/feed]
[D:/RaiseTech/Practice/RaiseTech_copy/正解/RaiseTechコピー/raise-tech.net/wp-json/oembed/1.0/embed737f.json]
[D:/RaiseTech/Practice/RaiseTech_copy/正解/RaiseTechコピー/raise-tech.net/wp-json/oembed/1.0/embed4283]
[D:/RaiseTech/Practice/RaiseTech_copy/正解/RaiseTechコピー/raise-tech.net/914.html]
[D:/RaiseTech/Practice/RaiseTech_copy/正解/RaiseTechコピー/raise-tech.net/topics/index.html]
[D:/RaiseTech/Practice/RaiseTech_copy/正解/RaiseTechコピー/raise-tech.net/indexc141.html]
[D:/RaiseTech/Practice/RaiseTech_copy/正解/RaiseTechコピー/raise-tech.net/index8d1b.html]
[D:/RaiseTech/Practice/RaiseTech_copy/正解/RaiseTechコピー/raise-tech.net/indexb6d0.html]
[D:/RaiseTech/Practice/RaiseTech_copy/正解/RaiseTechコピー/raise-tech.net/index82dc.html]
[D:/RaiseTech/Practice/RaiseTech_copy/正解/RaiseTechコピー/raise-tech.net/indexaa07.html]
